// Jest Snapshot v1, https://goo.gl/fbAQLP

exports[`DocumentationSidebarRight correctly matches snapshot 1`] = `
<div>
  <nav
    class="css-lw5p9p"
    data-sidebar="true"
  >
    <a
      class="css-341met"
      href="#base-level-heading"
      style="padding-left: 0px;"
    >
      <span
        class="css-92vea2"
      >
        Base level heading
      </span>
    </a>
    <a
      class="css-18icpda"
      href="#level-3-subheading"
      style="padding-left: 12px;"
    >
      <span
        class="css-92vea2"
      >
        Level 3 subheading
      </span>
    </a>
    <a
      class="css-18icpda"
      href="#code-heading-depth-1"
      style="padding-left: 12px;"
    >
      <span
        class="css-1s4wolz"
      >
        Code heading depth 1
      </span>
    </a>
  </nav>
</div>
`;
